.\gradlew.bat : WARNING: A restricted method in java.lang.System has been 
called
At line:1 char:137
+ ... ent-System" ; .\gradlew.bat :composeApp:run --stacktrace 2>&1 | Tee-O ...
+                   ~~~~~~~~~~~~~~~~~~~~~~~~~~~~~~~~~~~~~~~~~~~~~~~
    + CategoryInfo          : NotSpecified: (WARNING: A rest...has been called 
   :String) [], RemoteException
    + FullyQualifiedErrorId : NativeCommandError
 
WARNING: java.lang.System::load has been called by 
net.rubygrapefruit.platform.internal.NativeLibraryLoader in an unnamed module (
file:/C:/Users/Dell/.gradle/wrapper/dists/gradle-8.11.1-bin/bpt9gzteqjrbo1mjrso
mdt32c/gradle-8.11.1/lib/native-platform-0.22-milestone-26.jar)
WARNING: Use --enable-native-access=ALL-UNNAMED to avoid a warning for callers 
in this module
WARNING: Restricted methods will be blocked in a future release unless native 
access is enabled

Calculating task graph as no cached configuration is available for tasks: :composeApp:run

FAILURE: Build failed with an exception.

* What went wrong:
26

* Try:
> Run with --info or --debug option to get more log output.
> Run with --scan to get full insights.
> Get more help at https://help.gradle.org.

* Exception is:
java.lang.IllegalArgumentException: 26
	at org.jetbrains.kotlin.com.intellij.util.lang.JavaVersion.parse(JavaVersion.j
ava:307)
	at org.jetbrains.kotlin.com.intellij.util.lang.JavaVersion.current(JavaVersion
.java:176)
	at org.jetbrains.kotlin.cli.jvm.modules.JavaVersionUtilsKt.isAtLeastJava9(java
VersionUtils.kt:11)
	at org.jetbrains.kotlin.cli.jvm.modules.CoreJrtFileSystem.globalJrtFsCache$lam
bda$2(CoreJrtFileSystem.kt:83)
	at org.jetbrains.kotlin.cli.jvm.modules.CoreJrtFileSystem.globalJrtFsCache$lam
bda$3(CoreJrtFileSystem.kt:74)
	at org.jetbrains.kotlin.com.intellij.util.containers.ConcurrentFactoryMap$2.cr
eate(ConcurrentFactoryMap.java:174)
	at org.jetbrains.kotlin.com.intellij.util.containers.ConcurrentFactoryMap.get(
ConcurrentFactoryMap.java:40)
	at org.jetbrains.kotlin.cli.jvm.modules.CoreJrtFileSystem.roots$lambda$0(CoreJ
rtFileSystem.kt:34)
	at org.jetbrains.kotlin.cli.jvm.modules.CoreJrtFileSystem.roots$lambda$1(CoreJ
rtFileSystem.kt:33)
	at org.jetbrains.kotlin.com.intellij.util.containers.ConcurrentFactoryMap$2.cr
eate(ConcurrentFactoryMap.java:174)
	at org.jetbrains.kotlin.com.intellij.util.containers.ConcurrentFactoryMap.get(
ConcurrentFactoryMap.java:40)
	at org.jetbrains.kotlin.cli.jvm.modules.CoreJrtFileSystem.findFileByPath(CoreJ
rtFileSystem.kt:42)
	at org.jetbrains.kotlin.cli.jvm.modules.CliJavaModuleFinder.<init>(CliJavaModu
leFinder.kt:44)
	at org.jetbrains.kotlin.cli.jvm.compiler.KotlinCoreEnvironment.<init>(KotlinCo
reEnvironment.kt:243)
	at org.jetbrains.kotlin.cli.jvm.compiler.KotlinCoreEnvironment.<init>(KotlinCo
reEnvironment.kt)
	at org.jetbrains.kotlin.cli.jvm.compiler.KotlinCoreEnvironment$Companion.creat
eForProduction(KotlinCoreEnvironment.kt:468)
	at org.gradle.kotlin.dsl.support.KotlinCompilerKt$kotlinCoreEnvironmentFor$1.c
reate(KotlinCompiler.kt:429)
	at org.gradle.kotlin.dsl.support.KotlinCompilerKt$kotlinCoreEnvironmentFor$1.c
reate(KotlinCompiler.kt:425)
	at org.gradle.internal.SystemProperties.withSystemProperty(SystemProperties.ja
va:123)
	at org.gradle.kotlin.dsl.support.KotlinCompilerKt.kotlinCoreEnvironmentFor(Kot
linCompiler.kt:425)
	at org.gradle.kotlin.dsl.support.KotlinCompilerKt.compileKotlinScriptModuleTo(
KotlinCompiler.kt:184)
	at org.gradle.kotlin.dsl.support.KotlinCompilerKt.compileKotlinScriptToDirecto
ry(KotlinCompiler.kt:148)
	at org.gradle.kotlin.dsl.execution.ResidualProgramCompiler$compileScript$1.inv
oke(ResidualProgramCompiler.kt:713)
	at org.gradle.kotlin.dsl.execution.ResidualProgramCompiler$compileScript$1.inv
oke(ResidualProgramCompiler.kt:712)
	at org.gradle.kotlin.dsl.provider.StandardKotlinScriptEvaluator$InterpreterHos
t$runCompileBuildOperation$1.call(KotlinScriptEvaluator.kt:206)
	at org.gradle.kotlin.dsl.provider.StandardKotlinScriptEvaluator$InterpreterHos
t$runCompileBuildOperation$1.call(KotlinScriptEvaluator.kt:203)
	at org.gradle.internal.operations.DefaultBuildOperationRunner$CallableBuildOpe
rationWorker.execute(DefaultBuildOperationRunner.java:209)
	at org.gradle.internal.operations.DefaultBuildOperationRunner$CallableBuildOpe
rationWorker.execute(DefaultBuildOperationRunner.java:204)
	at org.gradle.internal.operations.DefaultBuildOperationRunner$2.execute(Defaul
tBuildOperationRunner.java:66)
	at org.gradle.internal.operations.DefaultBuildOperationRunner$2.execute(Defaul
tBuildOperationRunner.java:59)
	at org.gradle.internal.operations.DefaultBuildOperationRunner.execute(DefaultB
uildOperationRunner.java:166)
	at org.gradle.internal.operations.DefaultBuildOperationRunner.execute(DefaultB
uildOperationRunner.java:59)
	at org.gradle.internal.operations.DefaultBuildOperationRunner.call(DefaultBuil
dOperationRunner.java:53)
	at org.gradle.kotlin.dsl.provider.StandardKotlinScriptEvaluator$InterpreterHos
t.runCompileBuildOperation(KotlinScriptEvaluator.kt:203)
	at org.gradle.kotlin.dsl.execution.Interpreter$compile$1$1$1$1.invoke(Interpre
ter.kt:334)
	at org.gradle.kotlin.dsl.execution.Interpreter$compile$1$1$1$1.invoke(Interpre
ter.kt:334)
	at org.gradle.kotlin.dsl.execution.ResidualProgramCompiler.compileScript-C5AE4
7M(ResidualProgramCompiler.kt:712)
	at org.gradle.kotlin.dsl.execution.ResidualProgramCompiler.compileStage1-EfyMT
oc(ResidualProgramCompiler.kt:695)
	at org.gradle.kotlin.dsl.execution.ResidualProgramCompiler.emitStage1Sequence(
ResidualProgramCompiler.kt:247)
	at org.gradle.kotlin.dsl.execution.ResidualProgramCompiler.emitStage1Sequence(
ResidualProgramCompiler.kt:238)
	at org.gradle.kotlin.dsl.execution.ResidualProgramCompiler.emit(ResidualProgra
mCompiler.kt:199)
	at org.gradle.kotlin.dsl.execution.ResidualProgramCompiler.emit(ResidualProgra
mCompiler.kt:182)
	at org.gradle.kotlin.dsl.execution.ResidualProgramCompiler.access$emit(Residua
lProgramCompiler.kt:83)
	at org.gradle.kotlin.dsl.execution.ResidualProgramCompiler$emitDynamicProgram$
1$1.invoke(ResidualProgramCompiler.kt:123)
	at org.gradle.kotlin.dsl.execution.ResidualProgramCompiler$emitDynamicProgram$
1$1.invoke(ResidualProgramCompiler.kt:121)
	at org.gradle.kotlin.dsl.execution.ResidualProgramCompiler$overrideExecute$1.i
nvoke(ResidualProgramCompiler.kt:548)
	at org.gradle.kotlin.dsl.execution.ResidualProgramCompiler$overrideExecute$1.i
nvoke(ResidualProgramCompiler.kt:547)
	at org.gradle.kotlin.dsl.support.bytecode.AsmExtensionsKt.method(AsmExtensions
.kt:133)
	at org.gradle.kotlin.dsl.support.bytecode.AsmExtensionsKt.publicMethod(AsmExte
nsions.kt:116)
	at org.gradle.kotlin.dsl.support.bytecode.AsmExtensionsKt.publicMethod$default
(AsmExtensions.kt:108)
	at org.gradle.kotlin.dsl.execution.ResidualProgramCompiler.overrideExecute(Res
idualProgramCompiler.kt:547)
	at org.gradle.kotlin.dsl.execution.ResidualProgramCompiler.access$overrideExec
ute(ResidualProgramCompiler.kt:83)
	at org.gradle.kotlin.dsl.execution.ResidualProgramCompiler$emitDynamicProgram$
1.invoke(ResidualProgramCompiler.kt:121)
	at org.gradle.kotlin.dsl.execution.ResidualProgramCompiler$emitDynamicProgram$
1.invoke(ResidualProgramCompiler.kt:119)
	at org.gradle.kotlin.dsl.execution.ResidualProgramCompiler$program$3.invoke(Re
sidualProgramCompiler.kt:673)
	at org.gradle.kotlin.dsl.execution.ResidualProgramCompiler$program$3.invoke(Re
sidualProgramCompiler.kt:671)
	at org.gradle.kotlin.dsl.support.bytecode.AsmExtensionsKt.publicClass-7y5yvvE(
AsmExtensions.kt:41)
	at org.gradle.kotlin.dsl.execution.ResidualProgramCompiler.program-5oOsWEo(Res
idualProgramCompiler.kt:671)
	at org.gradle.kotlin.dsl.execution.ResidualProgramCompiler.access$program-5oOs
WEo(ResidualProgramCompiler.kt:83)
	at org.gradle.kotlin.dsl.execution.ResidualProgramCompiler.emitDynamicProgram(
ResidualProgramCompiler.kt:798)
	at org.gradle.kotlin.dsl.execution.ResidualProgramCompiler.compile(ResidualPro
gramCompiler.kt:102)
	at org.gradle.kotlin.dsl.execution.Interpreter$compile$1.invoke(Interpreter.kt
:337)
	at org.gradle.kotlin.dsl.execution.Interpreter$compile$1.invoke(Interpreter.kt
:301)
	at org.gradle.kotlin.dsl.provider.StandardKotlinScriptEvaluator$KotlinScriptCo
mpilationAndInstrumentation.compile(KotlinScriptEvaluator.kt:437)
	at org.gradle.internal.scripts.BuildScriptCompilationAndInstrumentation.execut
e(BuildScriptCompilationAndInstrumentation.java:136)
	at org.gradle.internal.execution.steps.ExecuteStep.executeInternal(ExecuteStep
.java:105)
	at 
org.gradle.internal.execution.steps.ExecuteStep.access$000(ExecuteStep.java:44)
	at org.gradle.internal.execution.steps.ExecuteStep$1.call(ExecuteStep.java:59)
	at org.gradle.internal.execution.steps.ExecuteStep$1.call(ExecuteStep.java:56)
	at org.gradle.internal.operations.DefaultBuildOperationRunner$CallableBuildOpe
rationWorker.execute(DefaultBuildOperationRunner.java:209)
	at org.gradle.internal.operations.DefaultBuildOperationRunner$CallableBuildOpe
rationWorker.execute(DefaultBuildOperationRunner.java:204)
	at org.gradle.internal.operations.DefaultBuildOperationRunner$2.execute(Defaul
tBuildOperationRunner.java:66)
	at org.gradle.internal.operations.DefaultBuildOperationRunner$2.execute(Defaul
tBuildOperationRunner.java:59)
	at org.gradle.internal.operations.DefaultBuildOperationRunner.execute(DefaultB
uildOperationRunner.java:166)
	at org.gradle.internal.operations.DefaultBuildOperationRunner.execute(DefaultB
uildOperationRunner.java:59)
	at org.gradle.internal.operations.DefaultBuildOperationRunner.call(DefaultBuil
dOperationRunner.java:53)
	at 
org.gradle.internal.execution.steps.ExecuteStep.execute(ExecuteStep.java:56)
	at 
org.gradle.internal.execution.steps.ExecuteStep.execute(ExecuteStep.java:44)
	at org.gradle.internal.execution.steps.CancelExecutionStep.execute(CancelExecu
tionStep.java:42)
	at org.gradle.internal.execution.steps.TimeoutStep.executeWithoutTimeout(Timeo
utStep.java:75)
	at 
org.gradle.internal.execution.steps.TimeoutStep.execute(TimeoutStep.java:55)
	at org.gradle.internal.execution.steps.PreCreateOutputParentsStep.execute(PreC
reateOutputParentsStep.java:50)
	at org.gradle.internal.execution.steps.PreCreateOutputParentsStep.execute(PreC
reateOutputParentsStep.java:28)
	at org.gradle.internal.execution.steps.BroadcastChangingOutputsStep.execute(Br
oadcastChangingOutputsStep.java:61)
	at org.gradle.internal.execution.steps.BroadcastChangingOutputsStep.execute(Br
oadcastChangingOutputsStep.java:26)
	at org.gradle.internal.execution.steps.NoInputChangesStep.execute(NoInputChang
esStep.java:30)
	at org.gradle.internal.execution.steps.NoInputChangesStep.execute(NoInputChang
esStep.java:21)
	at org.gradle.internal.execution.steps.CaptureOutputsAfterExecutionStep.execut
e(CaptureOutputsAfterExecutionStep.java:69)
	at org.gradle.internal.execution.steps.CaptureOutputsAfterExecutionStep.execut
e(CaptureOutputsAfterExecutionStep.java:46)
	at org.gradle.internal.execution.steps.BuildCacheStep.executeWithoutCache(Buil
dCacheStep.java:189)
	at org.gradle.internal.execution.steps.BuildCacheStep.lambda$execute$1(BuildCa
cheStep.java:75)
	at org.gradle.internal.Either$Right.fold(Either.java:175)
	at 
org.gradle.internal.execution.caching.CachingState.fold(CachingState.java:62)
	at org.gradle.internal.execution.steps.BuildCacheStep.execute(BuildCacheStep.j
ava:73)
	at org.gradle.internal.execution.steps.BuildCacheStep.execute(BuildCacheStep.j
ava:48)
	at org.gradle.internal.execution.steps.NeverUpToDateStep.execute(NeverUpToDate
Step.java:34)
	at org.gradle.internal.execution.steps.NeverUpToDateStep.execute(NeverUpToDate
Step.java:22)
	at org.gradle.internal.execution.steps.legacy.MarkSnapshottingInputsFinishedSt
ep.execute(MarkSnapshottingInputsFinishedStep.java:37)
	at org.gradle.internal.execution.steps.legacy.MarkSnapshottingInputsFinishedSt
ep.execute(MarkSnapshottingInputsFinishedStep.java:27)
	at org.gradle.internal.execution.steps.ResolveNonIncrementalCachingStateStep.e
xecuteDelegate(ResolveNonIncrementalCachingStateStep.java:50)
	at org.gradle.internal.execution.steps.AbstractResolveCachingStateStep.execute
(AbstractResolveCachingStateStep.java:71)
	at org.gradle.internal.execution.steps.AbstractResolveCachingStateStep.execute
(AbstractResolveCachingStateStep.java:39)
	at 
org.gradle.internal.execution.steps.ValidateStep.execute(ValidateStep.java:107)
	at 
org.gradle.internal.execution.steps.ValidateStep.execute(ValidateStep.java:56)
	at org.gradle.internal.execution.steps.AbstractCaptureStateBeforeExecutionStep
.execute(AbstractCaptureStateBeforeExecutionStep.java:64)
	at org.gradle.internal.execution.steps.AbstractCaptureStateBeforeExecutionStep
.execute(AbstractCaptureStateBeforeExecutionStep.java:43)
	at org.gradle.internal.execution.steps.legacy.MarkSnapshottingInputsStartedSte
p.execute(MarkSnapshottingInputsStartedStep.java:38)
	at org.gradle.internal.execution.steps.AssignImmutableWorkspaceStep.lambda$exe
cuteInTemporaryWorkspace$3(AssignImmutableWorkspaceStep.java:209)
	at org.gradle.internal.execution.workspace.impl.CacheBasedImmutableWorkspacePr
ovider$1.withTemporaryWorkspace(CacheBasedImmutableWorkspaceProvider.java:116)
	at org.gradle.internal.execution.steps.AssignImmutableWorkspaceStep.executeInT
emporaryWorkspace(AssignImmutableWorkspaceStep.java:199)
	at org.gradle.internal.execution.steps.AssignImmutableWorkspaceStep.lambda$exe
cute$0(AssignImmutableWorkspaceStep.java:121)
	at org.gradle.internal.execution.steps.AssignImmutableWorkspaceStep.execute(As
signImmutableWorkspaceStep.java:121)
	at org.gradle.internal.execution.steps.AssignImmutableWorkspaceStep.execute(As
signImmutableWorkspaceStep.java:90)
	at org.gradle.internal.execution.steps.ChoosePipelineStep.execute(ChoosePipeli
neStep.java:38)
	at org.gradle.internal.execution.steps.ChoosePipelineStep.execute(ChoosePipeli
neStep.java:23)
	at org.gradle.internal.execution.steps.ExecuteWorkBuildOperationFiringStep.lam
bda$execute$2(ExecuteWorkBuildOperationFiringStep.java:67)
	at org.gradle.internal.execution.steps.ExecuteWorkBuildOperationFiringStep.exe
cute(ExecuteWorkBuildOperationFiringStep.java:67)
	at org.gradle.internal.execution.steps.ExecuteWorkBuildOperationFiringStep.exe
cute(ExecuteWorkBuildOperationFiringStep.java:39)
	at org.gradle.internal.execution.steps.IdentityCacheStep.execute(IdentityCache
Step.java:46)
	at org.gradle.internal.execution.steps.IdentityCacheStep.execute(IdentityCache
Step.java:34)
	at 
org.gradle.internal.execution.steps.IdentifyStep.execute(IdentifyStep.java:48)
	at 
org.gradle.internal.execution.steps.IdentifyStep.execute(IdentifyStep.java:35)
	at org.gradle.internal.execution.impl.DefaultExecutionEngine$1.execute(Default
ExecutionEngine.java:61)
	at org.gradle.kotlin.dsl.provider.StandardKotlinScriptEvaluator$InterpreterHos
t.cachedDirFor(KotlinScriptEvaluator.kt:301)
	at org.gradle.kotlin.dsl.execution.Interpreter.compile(Interpreter.kt:301)
	at org.gradle.kotlin.dsl.execution.Interpreter.emitSpecializedProgramFor(Inter
preter.kt:267)
	at org.gradle.kotlin.dsl.execution.Interpreter.eval(Interpreter.kt:199)
	at org.gradle.kotlin.dsl.provider.StandardKotlinScriptEvaluator.evaluate(Kotli
nScriptEvaluator.kt:130)
	at org.gradle.kotlin.dsl.provider.KotlinScriptPluginFactory$create$1.invoke(Ko
tlinScriptPluginFactory.kt:46)
	at org.gradle.kotlin.dsl.provider.KotlinScriptPluginFactory$create$1.invoke(Ko
tlinScriptPluginFactory.kt:43)
	at org.gradle.kotlin.dsl.provider.KotlinScriptPlugin.apply(KotlinScriptPlugin.
kt:35)
	at org.gradle.configuration.BuildOperationScriptPlugin$1.run(BuildOperationScr
iptPlugin.java:68)
	at org.gradle.internal.operations.DefaultBuildOperationRunner$1.execute(Defaul
tBuildOperationRunner.java:29)
	at org.gradle.internal.operations.DefaultBuildOperationRunner$1.execute(Defaul
tBuildOperationRunner.java:26)
	at org.gradle.internal.operations.DefaultBuildOperationRunner$2.execute(Defaul
tBuildOperationRunner.java:66)
	at org.gradle.internal.operations.DefaultBuildOperationRunner$2.execute(Defaul
tBuildOperationRunner.java:59)
	at org.gradle.internal.operations.DefaultBuildOperationRunner.execute(DefaultB
uildOperationRunner.java:166)
	at org.gradle.internal.operations.DefaultBuildOperationRunner.execute(DefaultB
uildOperationRunner.java:59)
	at org.gradle.internal.operations.DefaultBuildOperationRunner.run(DefaultBuild
OperationRunner.java:47)
	at org.gradle.configuration.BuildOperationScriptPlugin.lambda$apply$0(BuildOpe
rationScriptPlugin.java:65)
	at org.gradle.internal.code.DefaultUserCodeApplicationContext.apply(DefaultUse
rCodeApplicationContext.java:44)
	at org.gradle.configuration.BuildOperationScriptPlugin.apply(BuildOperationScr
iptPlugin.java:65)
	at org.gradle.initialization.ScriptEvaluatingSettingsProcessor.applySettingsSc
ript(ScriptEvaluatingSettingsProcessor.java:75)
	at org.gradle.initialization.ScriptEvaluatingSettingsProcessor.process(ScriptE
valuatingSettingsProcessor.java:68)
	at org.gradle.initialization.SettingsEvaluatedCallbackFiringSettingsProcessor.
process(SettingsEvaluatedCallbackFiringSettingsProcessor.java:34)
	at org.gradle.initialization.RootBuildCacheControllerSettingsProcessor.process
(RootBuildCacheControllerSettingsProcessor.java:47)
	at org.gradle.initialization.BuildOperationSettingsProcessor$2.call(BuildOpera
tionSettingsProcessor.java:49)
	at org.gradle.initialization.BuildOperationSettingsProcessor$2.call(BuildOpera
tionSettingsProcessor.java:46)
	at org.gradle.internal.operations.DefaultBuildOperationRunner$CallableBuildOpe
rationWorker.execute(DefaultBuildOperationRunner.java:209)
	at org.gradle.internal.operations.DefaultBuildOperationRunner$CallableBuildOpe
rationWorker.execute(DefaultBuildOperationRunner.java:204)
	at org.gradle.internal.operations.DefaultBuildOperationRunner$2.execute(Defaul
tBuildOperationRunner.java:66)
	at org.gradle.internal.operations.DefaultBuildOperationRunner$2.execute(Defaul
tBuildOperationRunner.java:59)
	at org.gradle.internal.operations.DefaultBuildOperationRunner.execute(DefaultB
uildOperationRunner.java:166)
	at org.gradle.internal.operations.DefaultBuildOperationRunner.execute(DefaultB
uildOperationRunner.java:59)
	at org.gradle.internal.operations.DefaultBuildOperationRunner.call(DefaultBuil
dOperationRunner.java:53)
	at org.gradle.initialization.BuildOperationSettingsProcessor.process(BuildOper
ationSettingsProcessor.java:46)
	at org.gradle.initialization.DefaultSettingsLoader.findSettingsAndLoadIfApprop
riate(DefaultSettingsLoader.java:143)
	at org.gradle.initialization.DefaultSettingsLoader.findAndLoadSettings(Default
SettingsLoader.java:63)
	at org.gradle.initialization.SettingsAttachingSettingsLoader.findAndLoadSettin
gs(SettingsAttachingSettingsLoader.java:33)
	at org.gradle.internal.composite.CommandLineIncludedBuildSettingsLoader.findAn
dLoadSettings(CommandLineIncludedBuildSettingsLoader.java:35)
	at org.gradle.internal.composite.ChildBuildRegisteringSettingsLoader.findAndLo
adSettings(ChildBuildRegisteringSettingsLoader.java:44)
	at org.gradle.internal.composite.CompositeBuildSettingsLoader.findAndLoadSetti
ngs(CompositeBuildSettingsLoader.java:35)
	at org.gradle.initialization.InitScriptHandlingSettingsLoader.findAndLoadSetti
ngs(InitScriptHandlingSettingsLoader.java:33)
	at org.gradle.api.internal.initialization.CacheConfigurationsHandlingSettingsL
oader.findAndLoadSettings(CacheConfigurationsHandlingSettingsLoader.java:36)
	at org.gradle.initialization.GradlePropertiesHandlingSettingsLoader.findAndLoa
dSettings(GradlePropertiesHandlingSettingsLoader.java:38)
	at org.gradle.initialization.DefaultSettingsPreparer.prepareSettings(DefaultSe
ttingsPreparer.java:31)
	at org.gradle.initialization.BuildOperationFiringSettingsPreparer$LoadBuild.do
LoadBuild(BuildOperationFiringSettingsPreparer.java:71)
	at org.gradle.initialization.BuildOperationFiringSettingsPreparer$LoadBuild.ru
n(BuildOperationFiringSettingsPreparer.java:66)
	at org.gradle.internal.operations.DefaultBuildOperationRunner$1.execute(Defaul
tBuildOperationRunner.java:29)
	at org.gradle.internal.operations.DefaultBuildOperationRunner$1.execute(Defaul
tBuildOperationRunner.java:26)
	at org.gradle.internal.operations.DefaultBuildOperationRunner$2.execute(Defaul
tBuildOperationRunner.java:66)
	at org.gradle.internal.operations.DefaultBuildOperationRunner$2.execute(Defaul
tBuildOperationRunner.java:59)
	at org.gradle.internal.operations.DefaultBuildOperationRunner.execute(DefaultB
uildOperationRunner.java:166)
	at org.gradle.internal.operations.DefaultBuildOperationRunner.execute(DefaultB
uildOperationRunner.java:59)
	at org.gradle.internal.operations.DefaultBuildOperationRunner.run(DefaultBuild
OperationRunner.java:47)
	at org.gradle.initialization.BuildOperationFiringSettingsPreparer.prepareSetti
ngs(BuildOperationFiringSettingsPreparer.java:54)
	at org.gradle.initialization.VintageBuildModelController.lambda$prepareSetting
s$1(VintageBuildModelController.java:80)
	at org.gradle.internal.model.StateTransitionController.lambda$doTransition$14(
StateTransitionController.java:255)
	at org.gradle.internal.model.StateTransitionController.doTransition(StateTrans
itionController.java:266)
	at org.gradle.internal.model.StateTransitionController.doTransition(StateTrans
itionController.java:254)
	at org.gradle.internal.model.StateTransitionController.lambda$transitionIfNotP
reviously$11(StateTransitionController.java:213)
	at org.gradle.internal.work.DefaultSynchronizer.withLock(DefaultSynchronizer.j
ava:36)
	at org.gradle.internal.model.StateTransitionController.transitionIfNotPrevious
ly(StateTransitionController.java:209)
	at org.gradle.initialization.VintageBuildModelController.prepareSettings(Vinta
geBuildModelController.java:80)
	at org.gradle.initialization.VintageBuildModelController.prepareToScheduleTask
s(VintageBuildModelController.java:70)
	at org.gradle.internal.cc.impl.ConfigurationCacheAwareBuildModelController.pre
pareToScheduleTasks(ConfigurationCacheAwareBuildModelController.kt:49)
	at org.gradle.internal.build.DefaultBuildLifecycleController.lambda$prepareToS
cheduleTasks$6(DefaultBuildLifecycleController.java:175)
	at org.gradle.internal.model.StateTransitionController.lambda$doTransition$14(
StateTransitionController.java:255)
	at org.gradle.internal.model.StateTransitionController.doTransition(StateTrans
itionController.java:266)
	at org.gradle.internal.model.StateTransitionController.doTransition(StateTrans
itionController.java:254)
	at org.gradle.internal.model.StateTransitionController.lambda$maybeTransition$
9(StateTransitionController.java:190)
	at org.gradle.internal.work.DefaultSynchronizer.withLock(DefaultSynchronizer.j
ava:36)
	at org.gradle.internal.model.StateTransitionController.maybeTransition(StateTr
ansitionController.java:186)
	at org.gradle.internal.build.DefaultBuildLifecycleController.prepareToSchedule
Tasks(DefaultBuildLifecycleController.java:173)
	at org.gradle.internal.buildtree.DefaultBuildTreeWorkPreparer.scheduleRequeste
dTasks(DefaultBuildTreeWorkPreparer.java:36)
	at org.gradle.internal.cc.impl.ConfigurationCacheAwareBuildTreeWorkController$
scheduleAndRunRequestedTasks$executionResult$1$result$1.invoke(ConfigurationCac
heAwareBuildTreeWorkController.kt:48)
	at org.gradle.internal.cc.impl.ConfigurationCacheAwareBuildTreeWorkController$
scheduleAndRunRequestedTasks$executionResult$1$result$1.invoke(ConfigurationCac
heAwareBuildTreeWorkController.kt:45)
	at org.gradle.internal.cc.impl.DefaultConfigurationCache$loadOrScheduleRequest
edTasks$1.invoke(DefaultConfigurationCache.kt:172)
	at org.gradle.internal.cc.impl.DefaultConfigurationCache$loadOrScheduleRequest
edTasks$1.invoke(DefaultConfigurationCache.kt:171)
	at org.gradle.internal.cc.impl.DefaultConfigurationCache.runWorkThatContribute
sToCacheEntry(DefaultConfigurationCache.kt:392)
	at org.gradle.internal.cc.impl.DefaultConfigurationCache.loadOrScheduleRequest
edTasks(DefaultConfigurationCache.kt:171)
	at org.gradle.internal.cc.impl.ConfigurationCacheAwareBuildTreeWorkController$
scheduleAndRunRequestedTasks$executionResult$1.apply(ConfigurationCacheAwareBui
ldTreeWorkController.kt:45)
	at org.gradle.internal.cc.impl.ConfigurationCacheAwareBuildTreeWorkController$
scheduleAndRunRequestedTasks$executionResult$1.apply(ConfigurationCacheAwareBui
ldTreeWorkController.kt:44)
	at org.gradle.composite.internal.DefaultIncludedBuildTaskGraph.withNewWorkGrap
h(DefaultIncludedBuildTaskGraph.java:112)
	at org.gradle.internal.cc.impl.ConfigurationCacheAwareBuildTreeWorkController.
scheduleAndRunRequestedTasks(ConfigurationCacheAwareBuildTreeWorkController.kt:
44)
	at org.gradle.internal.buildtree.DefaultBuildTreeLifecycleController.lambda$sc
heduleAndRunTasks$1(DefaultBuildTreeLifecycleController.java:77)
	at org.gradle.internal.buildtree.DefaultBuildTreeLifecycleController.lambda$ru
nBuild$4(DefaultBuildTreeLifecycleController.java:120)
	at org.gradle.internal.model.StateTransitionController.lambda$transition$6(Sta
teTransitionController.java:169)
	at org.gradle.internal.model.StateTransitionController.doTransition(StateTrans
itionController.java:266)
	at org.gradle.internal.model.StateTransitionController.lambda$transition$7(Sta
teTransitionController.java:169)
	at org.gradle.internal.work.DefaultSynchronizer.withLock(DefaultSynchronizer.j
ava:46)
	at org.gradle.internal.model.StateTransitionController.transition(StateTransit
ionController.java:169)
	at org.gradle.internal.buildtree.DefaultBuildTreeLifecycleController.runBuild(
DefaultBuildTreeLifecycleController.java:117)
	at org.gradle.internal.buildtree.DefaultBuildTreeLifecycleController.scheduleA
ndRunTasks(DefaultBuildTreeLifecycleController.java:77)
	at org.gradle.internal.buildtree.DefaultBuildTreeLifecycleController.scheduleA
ndRunTasks(DefaultBuildTreeLifecycleController.java:72)
	at org.gradle.tooling.internal.provider.ExecuteBuildActionRunner.run(ExecuteBu
ildActionRunner.java:31)
	at org.gradle.launcher.exec.ChainingBuildActionRunner.run(ChainingBuildActionR
unner.java:35)
	at org.gradle.internal.buildtree.ProblemReportingBuildActionRunner.run(Problem
ReportingBuildActionRunner.java:49)
	at org.gradle.launcher.exec.BuildOutcomeReportingBuildActionRunner.run(BuildOu
tcomeReportingBuildActionRunner.java:66)
	at org.gradle.tooling.internal.provider.FileSystemWatchingBuildActionRunner.ru
n(FileSystemWatchingBuildActionRunner.java:140)
	at org.gradle.launcher.exec.BuildCompletionNotifyingBuildActionRunner.run(Buil
dCompletionNotifyingBuildActionRunner.java:41)
	at org.gradle.launcher.exec.RootBuildLifecycleBuildActionExecutor.lambda$execu
te$0(RootBuildLifecycleBuildActionExecutor.java:54)
	at org.gradle.composite.internal.DefaultRootBuildState.run(DefaultRootBuildSta
te.java:130)
	at org.gradle.launcher.exec.RootBuildLifecycleBuildActionExecutor.execute(Root
BuildLifecycleBuildActionExecutor.java:54)
	at org.gradle.internal.buildtree.InitDeprecationLoggingActionExecutor.execute(
InitDeprecationLoggingActionExecutor.java:62)
	at org.gradle.internal.buildtree.InitProblems.execute(InitProblems.java:36)
	at org.gradle.internal.buildtree.DefaultBuildTreeContext.execute(DefaultBuildT
reeContext.java:40)
	at org.gradle.launcher.exec.BuildTreeLifecycleBuildActionExecutor.lambda$execu
te$0(BuildTreeLifecycleBuildActionExecutor.java:71)
	at org.gradle.internal.buildtree.BuildTreeState.run(BuildTreeState.java:60)
	at org.gradle.launcher.exec.BuildTreeLifecycleBuildActionExecutor.execute(Buil
dTreeLifecycleBuildActionExecutor.java:71)
	at org.gradle.launcher.exec.RunAsBuildOperationBuildActionExecutor$3.call(RunA
sBuildOperationBuildActionExecutor.java:61)
	at org.gradle.launcher.exec.RunAsBuildOperationBuildActionExecutor$3.call(RunA
sBuildOperationBuildActionExecutor.java:57)
	at org.gradle.internal.operations.DefaultBuildOperationRunner$CallableBuildOpe
rationWorker.execute(DefaultBuildOperationRunner.java:209)
	at org.gradle.internal.operations.DefaultBuildOperationRunner$CallableBuildOpe
rationWorker.execute(DefaultBuildOperationRunner.java:204)
	at org.gradle.internal.operations.DefaultBuildOperationRunner$2.execute(Defaul
tBuildOperationRunner.java:66)
	at org.gradle.internal.operations.DefaultBuildOperationRunner$2.execute(Defaul
tBuildOperationRunner.java:59)
	at org.gradle.internal.operations.DefaultBuildOperationRunner.execute(DefaultB
uildOperationRunner.java:166)
	at org.gradle.internal.operations.DefaultBuildOperationRunner.execute(DefaultB
uildOperationRunner.java:59)
	at org.gradle.internal.operations.DefaultBuildOperationRunner.call(DefaultBuil
dOperationRunner.java:53)
	at org.gradle.launcher.exec.RunAsBuildOperationBuildActionExecutor.execute(Run
AsBuildOperationBuildActionExecutor.java:57)
Configuration cache entry stored.
	at org.gradle.launcher.exec.RunAsWorkerThreadBuildActionExecutor.lambda$execut
e$0(RunAsWorkerThreadBuildActionExecutor.java:36)
	at org.gradle.internal.work.DefaultWorkerLeaseService.withLocks(DefaultWorkerL
easeService.java:263)
	at org.gradle.internal.work.DefaultWorkerLeaseService.runAsWorkerThread(Defaul
tWorkerLeaseService.java:127)
	at org.gradle.launcher.exec.RunAsWorkerThreadBuildActionExecutor.execute(RunAs
WorkerThreadBuildActionExecutor.java:36)
	at org.gradle.tooling.internal.provider.continuous.ContinuousBuildActionExecut
or.execute(ContinuousBuildActionExecutor.java:110)
	at org.gradle.tooling.internal.provider.SubscribableBuildActionExecutor.execut
e(SubscribableBuildActionExecutor.java:64)
	at org.gradle.internal.session.DefaultBuildSessionContext.execute(DefaultBuild
SessionContext.java:46)
	at org.gradle.internal.buildprocess.execution.BuildSessionLifecycleBuildAction
Executor$ActionImpl.apply(BuildSessionLifecycleBuildActionExecutor.java:92)
	at org.gradle.internal.buildprocess.execution.BuildSessionLifecycleBuildAction
Executor$ActionImpl.apply(BuildSessionLifecycleBuildActionExecutor.java:80)
	at 
org.gradle.internal.session.BuildSessionState.run(BuildSessionState.java:71)
	at org.gradle.internal.buildprocess.execution.BuildSessionLifecycleBuildAction
Executor.execute(BuildSessionLifecycleBuildActionExecutor.java:62)
	at org.gradle.internal.buildprocess.execution.BuildSessionLifecycleBuildAction
Executor.execute(BuildSessionLifecycleBuildActionExecutor.java:41)
	at org.gradle.internal.buildprocess.execution.StartParamsValidatingActionExecu
tor.execute(StartParamsValidatingActionExecutor.java:64)
	at org.gradle.internal.buildprocess.execution.StartParamsValidatingActionExecu
tor.execute(StartParamsValidatingActionExecutor.java:32)
	at org.gradle.internal.buildprocess.execution.SessionFailureReportingActionExe
cutor.execute(SessionFailureReportingActionExecutor.java:51)
	at org.gradle.internal.buildprocess.execution.SessionFailureReportingActionExe
cutor.execute(SessionFailureReportingActionExecutor.java:39)
	at org.gradle.internal.buildprocess.execution.SetupLoggingActionExecutor.execu
te(SetupLoggingActionExecutor.java:47)
	at org.gradle.internal.buildprocess.execution.SetupLoggingActionExecutor.execu
te(SetupLoggingActionExecutor.java:31)
	at org.gradle.launcher.daemon.server.exec.ExecuteBuild.doBuild(ExecuteBuild.ja
va:70)
	at org.gradle.launcher.daemon.server.exec.BuildCommandOnly.execute(BuildComman
dOnly.java:37)
	at org.gradle.launcher.daemon.server.api.DaemonCommandExecution.proceed(Daemon
CommandExecution.java:104)
	at org.gradle.launcher.daemon.server.exec.WatchForDisconnection.execute(WatchF
orDisconnection.java:39)
	at org.gradle.launcher.daemon.server.api.DaemonCommandExecution.proceed(Daemon
CommandExecution.java:104)
	at org.gradle.launcher.daemon.server.exec.ResetDeprecationLogger.execute(Reset
DeprecationLogger.java:29)
	at org.gradle.launcher.daemon.server.api.DaemonCommandExecution.proceed(Daemon
CommandExecution.java:104)
	at org.gradle.launcher.daemon.server.exec.RequestStopIfSingleUsedDaemon.execut
e(RequestStopIfSingleUsedDaemon.java:35)
	at org.gradle.launcher.daemon.server.api.DaemonCommandExecution.proceed(Daemon
CommandExecution.java:104)
	at org.gradle.launcher.daemon.server.exec.ForwardClientInput.lambda$execute$0(
ForwardClientInput.java:40)
	at org.gradle.internal.daemon.clientinput.ClientInputForwarder.forwardInput(Cl
ientInputForwarder.java:80)
	at org.gradle.launcher.daemon.server.exec.ForwardClientInput.execute(ForwardCl
ientInput.java:37)
	at org.gradle.launcher.daemon.server.api.DaemonCommandExecution.proceed(Daemon
CommandExecution.java:104)
	at org.gradle.launcher.daemon.server.exec.LogAndCheckHealth.execute(LogAndChec
kHealth.java:64)
	at org.gradle.launcher.daemon.server.api.DaemonCommandExecution.proceed(Daemon
CommandExecution.java:104)
	at 
org.gradle.launcher.daemon.server.exec.LogToClient.doBuild(LogToClient.java:63)
	at org.gradle.launcher.daemon.server.exec.BuildCommandOnly.execute(BuildComman
dOnly.java:37)
	at org.gradle.launcher.daemon.server.api.DaemonCommandExecution.proceed(Daemon
CommandExecution.java:104)
	at org.gradle.launcher.daemon.server.exec.EstablishBuildEnvironment.doBuild(Es
tablishBuildEnvironment.java:84)
	at org.gradle.launcher.daemon.server.exec.BuildCommandOnly.execute(BuildComman
dOnly.java:37)
	at org.gradle.launcher.daemon.server.api.DaemonCommandExecution.proceed(Daemon
CommandExecution.java:104)
	at org.gradle.launcher.daemon.server.exec.StartBuildOrRespondWithBusy$1.run(St
artBuildOrRespondWithBusy.java:52)
	at org.gradle.launcher.daemon.server.DaemonStateCoordinator.lambda$runCommand$
0(DaemonStateCoordinator.java:321)
	at org.gradle.internal.concurrent.ExecutorPolicy$CatchAndRecordFailures.onExec
ute(ExecutorPolicy.java:64)
	at org.gradle.internal.concurrent.AbstractManagedExecutor$1.run(AbstractManage
dExecutor.java:48)


BUILD FAILED in 857ms
